{
  "name": "simple",
  "lslVersion": "1.0.0",
  "types": [
    {
      "name": "Int",
      "isPointer": false,
      "kind": "alias",
      "originalType": {
        "name": "int32",
        "isPointer": false,
        "kind": "int32",
        "capacity": "INT32"
      }
    }
  ],
  "automata": [
    {
      "name": "A",
      "type": "Int",
      "constructorVariables": [],
      "variables": [],
      "states": [],
      "shifts": [],
      "functions": [
        {
          "name": "f",
          "automaton": "A",
          "target": "A",
          "hasBody": false,
          "args": [
            {
              "name": "param",
              "type": "Int",
              "annotation": {
                "name": "annotation",
                "args": []
              }
            }
          ],
          "contracts": [],
          "statements": []
        },
        {
          "name": "g",
          "automaton": "A",
          "target": "A",
          "hasBody": false,
          "args": [
            {
              "name": "param",
              "type": "Int",
              "annotation": {
                "name": "anno",
                "args": [
                  {
                    "kind": "integer",
                    "value": 1
                  },
                  {
                    "kind": "string",
                    "value": "12"
                  }
                ]
              }
            }
          ],
          "contracts": [],
          "statements": []
        }
      ]
    }
  ]
}