{
  "name": "simple",
  "lslVersion": "1.0.0",
  "types": [
    {
      "name": "Int",
      "isPointer": false,
      "kind": "simple",
      "originalType": {
        "name": "int32",
        "isPointer": false,
        "kind": "int32",
        "capacity": "INT32"
      }
    },
    {
      "name": "Type",
      "isPointer": false,
      "kind": "enumLike",
      "type": {
        "name": "Int",
        "isPointer": false,
        "kind": "simple",
        "originalType": {
          "name": "int32",
          "isPointer": false,
          "kind": "int32",
          "capacity": "INT32"
        }
      },
      "entries": [
        {
          "name": "variant1",
          "value": {
            "kind": "integer",
            "value": 0
          }
        },
        {
          "name": "variant2",
          "value": {
            "kind": "integer",
            "value": 1
          }
        }
      ]
    },
    {
      "name": "foo.vldf.Type",
      "isPointer": false,
      "kind": "enum",
      "entries": [
        {
          "name": "Variant1",
          "value": {
            "kind": "integer",
            "value": 0
          }
        },
        {
          "name": "Variant2",
          "value": {
            "kind": "integer",
            "value": 1
          }
        }
      ]
    },
    {
      "name": "MyType",
      "isPointer": false,
      "kind": "alias",
      "originalType": {
        "name": "foo.vldf.Type",
        "isPointer": false,
        "kind": "enum",
        "entries": [
          {
            "name": "Variant1",
            "value": {
              "kind": "integer",
              "value": 0
            }
          },
          {
            "name": "Variant2",
            "value": {
              "kind": "integer",
              "value": 1
            }
          }
        ]
      }
    },
    {
      "name": "StructureType",
      "isPointer": false,
      "kind": "structured",
      "entries": [
        {
          "name": "field",
          "type": {
            "name": "Int",
            "isPointer": false,
            "kind": "simple",
            "originalType": {
              "name": "int32",
              "isPointer": false,
              "kind": "int32",
              "capacity": "INT32"
            }
          }
        }
      ]
    },
    {
      "name": "BlackAndWhiteImage",
      "isPointer": false,
      "kind": "structured",
      "entries": [
        {
          "name": "height",
          "type": {
            "name": "Int",
            "isPointer": false,
            "kind": "simple",
            "originalType": {
              "name": "int32",
              "isPointer": false,
              "kind": "int32",
              "capacity": "INT32"
            }
          }
        },
        {
          "name": "width",
          "type": {
            "name": "Int",
            "isPointer": false,
            "kind": "simple",
            "originalType": {
              "name": "int32",
              "isPointer": false,
              "kind": "int32",
              "capacity": "INT32"
            }
          }
        },
        {
          "name": "tpe",
          "type": {
            "name": "StructureType",
            "isPointer": false,
            "kind": "structured",
            "entries": [
              {
                "name": "field",
                "type": {
                  "name": "Int",
                  "isPointer": false,
                  "kind": "simple",
                  "originalType": {
                    "name": "int32",
                    "isPointer": false,
                    "kind": "int32",
                    "capacity": "INT32"
                  }
                }
              }
            ]
          }
        },
        {
          "name": "content",
          "type": {
            "name": "array",
            "isPointer": false,
            "kind": "array",
            "type": {
              "name": "array",
              "isPointer": false,
              "kind": "array",
              "type": {
                "name": "Boolean",
                "isPointer": false,
                "kind": "real"
              }
            }
          }
        }
      ]
    }
  ],
  "automata": [
    {
      "name": "Image",
      "type": "BlackAndWhiteImage",
      "constructorVariables": [],
      "variables": [],
      "states": [],
      "shifts": [],
      "functions": [
        {
          "name": "inversePixel",
          "automaton": "Image",
          "target": "Image",
          "hasBody": true,
          "args": [
            {
              "name": "img",
              "type": "BlackAndWhiteImage"
            },
            {
              "name": "x",
              "type": "Int"
            },
            {
              "name": "y",
              "type": "Int"
            }
          ],
          "contracts": [
            {
              "name": "size",
              "kind": "REQUIRES",
              "expression": {
                "kind": "binary",
                "op": "AND",
                "left": {
                  "kind": "binary",
                  "op": "GT",
                  "left": {
                    "kind": "qualifiedAccess",
                    "access": {
                      "kind": "variableAccess",
                      "name": "x",
                      "variableInfo": {
                        "name": "x",
                        "fullName": "inversePixel.x",
                        "type": {
                          "name": "Int",
                          "isPointer": false,
                          "kind": "simple",
                          "originalType": {
                            "name": "int32",
                            "isPointer": false,
                            "kind": "int32",
                            "capacity": "INT32"
                          }
                        },
                        "kind": "functionArgument",
                        "function": "Image.inversePixel",
                        "functionArgTypes": [
                          "BlackAndWhiteImage",
                          "Int",
                          "Int"
                        ]
                      },
                      "type": "Int"
                    }
                  },
                  "right": {
                    "kind": "integer",
                    "value": 0
                  }
                },
                "right": {
                  "kind": "binary",
                  "op": "GT",
                  "left": {
                    "kind": "qualifiedAccess",
                    "access": {
                      "kind": "variableAccess",
                      "name": "y",
                      "variableInfo": {
                        "name": "y",
                        "fullName": "inversePixel.y",
                        "type": {
                          "name": "Int",
                          "isPointer": false,
                          "kind": "simple",
                          "originalType": {
                            "name": "int32",
                            "isPointer": false,
                            "kind": "int32",
                            "capacity": "INT32"
                          }
                        },
                        "kind": "functionArgument",
                        "function": "Image.inversePixel",
                        "functionArgTypes": [
                          "BlackAndWhiteImage",
                          "Int",
                          "Int"
                        ]
                      },
                      "type": "Int"
                    }
                  },
                  "right": {
                    "kind": "integer",
                    "value": 0
                  }
                }
              }
            },
            {
              "kind": "ENSURES",
              "expression": {
                "kind": "binary",
                "op": "NOT_EQ",
                "left": {
                  "kind": "qualifiedAccess",
                  "access": {
                    "kind": "variableAccess",
                    "name": "img",
                    "variableInfo": {
                      "name": "img",
                      "fullName": "inversePixel.img",
                      "type": {
                        "name": "BlackAndWhiteImage",
                        "isPointer": false,
                        "kind": "structured",
                        "entries": [
                          {
                            "name": "height",
                            "type": {
                              "name": "Int",
                              "isPointer": false,
                              "kind": "simple",
                              "originalType": {
                                "name": "int32",
                                "isPointer": false,
                                "kind": "int32",
                                "capacity": "INT32"
                              }
                            }
                          },
                          {
                            "name": "width",
                            "type": {
                              "name": "Int",
                              "isPointer": false,
                              "kind": "simple",
                              "originalType": {
                                "name": "int32",
                                "isPointer": false,
                                "kind": "int32",
                                "capacity": "INT32"
                              }
                            }
                          },
                          {
                            "name": "tpe",
                            "type": {
                              "name": "StructureType",
                              "isPointer": false,
                              "kind": "structured",
                              "entries": [
                                {
                                  "name": "field",
                                  "type": {
                                    "name": "Int",
                                    "isPointer": false,
                                    "kind": "simple",
                                    "originalType": {
                                      "name": "int32",
                                      "isPointer": false,
                                      "kind": "int32",
                                      "capacity": "INT32"
                                    }
                                  }
                                }
                              ]
                            }
                          },
                          {
                            "name": "content",
                            "type": {
                              "name": "array",
                              "isPointer": false,
                              "kind": "array",
                              "type": {
                                "name": "array",
                                "isPointer": false,
                                "kind": "array",
                                "type": {
                                  "name": "Boolean",
                                  "isPointer": false,
                                  "kind": "real"
                                }
                              }
                            }
                          }
                        ]
                      },
                      "kind": "functionArgument",
                      "function": "Image.inversePixel",
                      "functionArgTypes": [
                        "BlackAndWhiteImage",
                        "Int",
                        "Int"
                      ]
                    },
                    "type": "BlackAndWhiteImage",
                    "child": {
                      "kind": "variableAccess",
                      "name": "content",
                      "type": "array\u003carray\u003cBoolean\u003e\u003e",
                      "child": {
                        "kind": "arrayAccess",
                        "index": {
                          "kind": "qualifiedAccess",
                          "access": {
                            "kind": "variableAccess",
                            "name": "y",
                            "variableInfo": {
                              "name": "y",
                              "fullName": "inversePixel.y",
                              "type": {
                                "name": "Int",
                                "isPointer": false,
                                "kind": "simple",
                                "originalType": {
                                  "name": "int32",
                                  "isPointer": false,
                                  "kind": "int32",
                                  "capacity": "INT32"
                                }
                              },
                              "kind": "functionArgument",
                              "function": "Image.inversePixel",
                              "functionArgTypes": [
                                "BlackAndWhiteImage",
                                "Int",
                                "Int"
                              ]
                            },
                            "type": "Int"
                          }
                        },
                        "type": "array\u003carray\u003cBoolean\u003e\u003e",
                        "child": {
                          "kind": "arrayAccess",
                          "index": {
                            "kind": "qualifiedAccess",
                            "access": {
                              "kind": "variableAccess",
                              "name": "x",
                              "variableInfo": {
                                "name": "x",
                                "fullName": "inversePixel.x",
                                "type": {
                                  "name": "Int",
                                  "isPointer": false,
                                  "kind": "simple",
                                  "originalType": {
                                    "name": "int32",
                                    "isPointer": false,
                                    "kind": "int32",
                                    "capacity": "INT32"
                                  }
                                },
                                "kind": "functionArgument",
                                "function": "Image.inversePixel",
                                "functionArgTypes": [
                                  "BlackAndWhiteImage",
                                  "Int",
                                  "Int"
                                ]
                              },
                              "type": "Int"
                            }
                          },
                          "type": "array\u003carray\u003cBoolean\u003e\u003e"
                        }
                      }
                    }
                  }
                },
                "right": {
                  "kind": "oldValue",
                  "value": {
                    "kind": "qualifiedAccess",
                    "access": {
                      "kind": "variableAccess",
                      "name": "img",
                      "variableInfo": {
                        "name": "img",
                        "fullName": "inversePixel.img",
                        "type": {
                          "name": "BlackAndWhiteImage",
                          "isPointer": false,
                          "kind": "structured",
                          "entries": [
                            {
                              "name": "height",
                              "type": {
                                "name": "Int",
                                "isPointer": false,
                                "kind": "simple",
                                "originalType": {
                                  "name": "int32",
                                  "isPointer": false,
                                  "kind": "int32",
                                  "capacity": "INT32"
                                }
                              }
                            },
                            {
                              "name": "width",
                              "type": {
                                "name": "Int",
                                "isPointer": false,
                                "kind": "simple",
                                "originalType": {
                                  "name": "int32",
                                  "isPointer": false,
                                  "kind": "int32",
                                  "capacity": "INT32"
                                }
                              }
                            },
                            {
                              "name": "tpe",
                              "type": {
                                "name": "StructureType",
                                "isPointer": false,
                                "kind": "structured",
                                "entries": [
                                  {
                                    "name": "field",
                                    "type": {
                                      "name": "Int",
                                      "isPointer": false,
                                      "kind": "simple",
                                      "originalType": {
                                        "name": "int32",
                                        "isPointer": false,
                                        "kind": "int32",
                                        "capacity": "INT32"
                                      }
                                    }
                                  }
                                ]
                              }
                            },
                            {
                              "name": "content",
                              "type": {
                                "name": "array",
                                "isPointer": false,
                                "kind": "array",
                                "type": {
                                  "name": "array",
                                  "isPointer": false,
                                  "kind": "array",
                                  "type": {
                                    "name": "Boolean",
                                    "isPointer": false,
                                    "kind": "real"
                                  }
                                }
                              }
                            }
                          ]
                        },
                        "kind": "functionArgument",
                        "function": "Image.inversePixel",
                        "functionArgTypes": [
                          "BlackAndWhiteImage",
                          "Int",
                          "Int"
                        ]
                      },
                      "type": "BlackAndWhiteImage",
                      "child": {
                        "kind": "variableAccess",
                        "name": "content",
                        "type": "array\u003carray\u003cBoolean\u003e\u003e",
                        "child": {
                          "kind": "arrayAccess",
                          "index": {
                            "kind": "qualifiedAccess",
                            "access": {
                              "kind": "variableAccess",
                              "name": "y",
                              "variableInfo": {
                                "name": "y",
                                "fullName": "inversePixel.y",
                                "type": {
                                  "name": "Int",
                                  "isPointer": false,
                                  "kind": "simple",
                                  "originalType": {
                                    "name": "int32",
                                    "isPointer": false,
                                    "kind": "int32",
                                    "capacity": "INT32"
                                  }
                                },
                                "kind": "functionArgument",
                                "function": "Image.inversePixel",
                                "functionArgTypes": [
                                  "BlackAndWhiteImage",
                                  "Int",
                                  "Int"
                                ]
                              },
                              "type": "Int"
                            }
                          },
                          "type": "array\u003carray\u003cBoolean\u003e\u003e",
                          "child": {
                            "kind": "arrayAccess",
                            "index": {
                              "kind": "qualifiedAccess",
                              "access": {
                                "kind": "variableAccess",
                                "name": "x",
                                "variableInfo": {
                                  "name": "x",
                                  "fullName": "inversePixel.x",
                                  "type": {
                                    "name": "Int",
                                    "isPointer": false,
                                    "kind": "simple",
                                    "originalType": {
                                      "name": "int32",
                                      "isPointer": false,
                                      "kind": "int32",
                                      "capacity": "INT32"
                                    }
                                  },
                                  "kind": "functionArgument",
                                  "function": "Image.inversePixel",
                                  "functionArgTypes": [
                                    "BlackAndWhiteImage",
                                    "Int",
                                    "Int"
                                  ]
                                },
                                "type": "Int"
                              }
                            },
                            "type": "array\u003carray\u003cBoolean\u003e\u003e"
                          }
                        }
                      }
                    }
                  }
                }
              }
            }
          ],
          "statements": [
            {
              "kind": "assignment",
              "variable": "img.content.array\u003carray\u003cBoolean\u003e\u003e[index]",
              "value": {
                "kind": "unary",
                "unaryOp": "inversion",
                "value": {
                  "kind": "qualifiedAccess",
                  "access": {
                    "kind": "variableAccess",
                    "name": "img",
                    "variableInfo": {
                      "name": "img",
                      "fullName": "inversePixel.img",
                      "type": {
                        "name": "BlackAndWhiteImage",
                        "isPointer": false,
                        "kind": "structured",
                        "entries": [
                          {
                            "name": "height",
                            "type": {
                              "name": "Int",
                              "isPointer": false,
                              "kind": "simple",
                              "originalType": {
                                "name": "int32",
                                "isPointer": false,
                                "kind": "int32",
                                "capacity": "INT32"
                              }
                            }
                          },
                          {
                            "name": "width",
                            "type": {
                              "name": "Int",
                              "isPointer": false,
                              "kind": "simple",
                              "originalType": {
                                "name": "int32",
                                "isPointer": false,
                                "kind": "int32",
                                "capacity": "INT32"
                              }
                            }
                          },
                          {
                            "name": "tpe",
                            "type": {
                              "name": "StructureType",
                              "isPointer": false,
                              "kind": "structured",
                              "entries": [
                                {
                                  "name": "field",
                                  "type": {
                                    "name": "Int",
                                    "isPointer": false,
                                    "kind": "simple",
                                    "originalType": {
                                      "name": "int32",
                                      "isPointer": false,
                                      "kind": "int32",
                                      "capacity": "INT32"
                                    }
                                  }
                                }
                              ]
                            }
                          },
                          {
                            "name": "content",
                            "type": {
                              "name": "array",
                              "isPointer": false,
                              "kind": "array",
                              "type": {
                                "name": "array",
                                "isPointer": false,
                                "kind": "array",
                                "type": {
                                  "name": "Boolean",
                                  "isPointer": false,
                                  "kind": "real"
                                }
                              }
                            }
                          }
                        ]
                      },
                      "kind": "functionArgument",
                      "function": "Image.inversePixel",
                      "functionArgTypes": [
                        "BlackAndWhiteImage",
                        "Int",
                        "Int"
                      ]
                    },
                    "type": "BlackAndWhiteImage",
                    "child": {
                      "kind": "variableAccess",
                      "name": "content",
                      "type": "array\u003carray\u003cBoolean\u003e\u003e",
                      "child": {
                        "kind": "arrayAccess",
                        "index": {
                          "kind": "qualifiedAccess",
                          "access": {
                            "kind": "variableAccess",
                            "name": "y",
                            "variableInfo": {
                              "name": "y",
                              "fullName": "inversePixel.y",
                              "type": {
                                "name": "Int",
                                "isPointer": false,
                                "kind": "simple",
                                "originalType": {
                                  "name": "int32",
                                  "isPointer": false,
                                  "kind": "int32",
                                  "capacity": "INT32"
                                }
                              },
                              "kind": "functionArgument",
                              "function": "Image.inversePixel",
                              "functionArgTypes": [
                                "BlackAndWhiteImage",
                                "Int",
                                "Int"
                              ]
                            },
                            "type": "Int"
                          }
                        },
                        "type": "array\u003carray\u003cBoolean\u003e\u003e",
                        "child": {
                          "kind": "arrayAccess",
                          "index": {
                            "kind": "qualifiedAccess",
                            "access": {
                              "kind": "variableAccess",
                              "name": "x",
                              "variableInfo": {
                                "name": "x",
                                "fullName": "inversePixel.x",
                                "type": {
                                  "name": "Int",
                                  "isPointer": false,
                                  "kind": "simple",
                                  "originalType": {
                                    "name": "int32",
                                    "isPointer": false,
                                    "kind": "int32",
                                    "capacity": "INT32"
                                  }
                                },
                                "kind": "functionArgument",
                                "function": "Image.inversePixel",
                                "functionArgTypes": [
                                  "BlackAndWhiteImage",
                                  "Int",
                                  "Int"
                                ]
                              },
                              "type": "Int"
                            }
                          },
                          "type": "array\u003carray\u003cBoolean\u003e\u003e"
                        }
                      }
                    }
                  }
                }
              }
            },
            {
              "kind": "assignment",
              "variable": "img.tpe.field",
              "value": {
                "kind": "integer",
                "value": 1
              }
            }
          ]
        }
      ]
    }
  ]
}